<?xml version="1.0" encoding="ISO-8859-1" ?>
<link_info>
   <banner>TI ARM Linker PC v20.2.7.LTS</banner>
   <copyright>Copyright (c) 1996-2018 Texas Instruments Incorporated</copyright>
   <link_time>0x63cf0abd</link_time>
   <link_errors>0x0</link_errors>
   <output_file>gpiointerrupt_CC3220S_LAUNCHXL_nortos_ccs.out</output_file>
   <entry_point>
      <name>resetISR</name>
      <address>0x2000e191</address>
   </entry_point>
   <input_file_list>
      <input_file id="fl-2">
         <path>.\</path>
         <kind>object</kind>
         <file>gpiointerrupt.obj</file>
         <name>gpiointerrupt.obj</name>
      </input_file>
      <input_file id="fl-3">
         <path>.\syscfg\</path>
         <kind>object</kind>
         <file>ti_drivers_config.obj</file>
         <name>ti_drivers_config.obj</name>
      </input_file>
      <input_file id="fl-4">
         <path>.\</path>
         <kind>object</kind>
         <file>main_nortos.obj</file>
         <name>main_nortos.obj</name>
      </input_file>
      <input_file id="fl-d">
         <kind>object</kind>
         <file>&lt;internal&gt;</file>
         <name>&lt;internal&gt;</name>
      </input_file>
      <input_file id="fl-e">
         <path>C:\ti\simplelink_cc32xx_sdk_6_10_00_05\source\ti\drivers\lib\ccs\m4\</path>
         <kind>archive</kind>
         <file>drivers_cc32xx.a</file>
         <name>GPIO.oem4</name>
      </input_file>
      <input_file id="fl-f">
         <path>C:\ti\simplelink_cc32xx_sdk_6_10_00_05\source\ti\drivers\lib\ccs\m4\</path>
         <kind>archive</kind>
         <file>drivers_cc32xx.a</file>
         <name>Timer.oem4</name>
      </input_file>
      <input_file id="fl-10">
         <path>C:\ti\simplelink_cc32xx_sdk_6_10_00_05\source\ti\drivers\lib\ccs\m4\</path>
         <kind>archive</kind>
         <file>drivers_cc32xx.a</file>
         <name>GPIOCC32XX.oem4</name>
      </input_file>
      <input_file id="fl-11">
         <path>C:\ti\simplelink_cc32xx_sdk_6_10_00_05\source\ti\drivers\lib\ccs\m4\</path>
         <kind>archive</kind>
         <file>drivers_cc32xx.a</file>
         <name>PowerCC32XX.oem4</name>
      </input_file>
      <input_file id="fl-12">
         <path>C:\ti\simplelink_cc32xx_sdk_6_10_00_05\source\ti\drivers\lib\ccs\m4\</path>
         <kind>archive</kind>
         <file>drivers_cc32xx.a</file>
         <name>PowerCC32XX_asm.oem4</name>
      </input_file>
      <input_file id="fl-13">
         <path>C:\ti\simplelink_cc32xx_sdk_6_10_00_05\source\ti\drivers\lib\ccs\m4\</path>
         <kind>archive</kind>
         <file>drivers_cc32xx.a</file>
         <name>TimerCC32XX.oem4</name>
      </input_file>
      <input_file id="fl-14">
         <path>C:\ti\simplelink_cc32xx_sdk_6_10_00_05\source\ti\drivers\lib\ccs\m4\</path>
         <kind>archive</kind>
         <file>drivers_cc32xx.a</file>
         <name>List.oem4</name>
      </input_file>
      <input_file id="fl-15">
         <path>C:\ti\simplelink_cc32xx_sdk_6_10_00_05\kernel\nortos\lib\ccs\m4\</path>
         <kind>archive</kind>
         <file>nortos_cc32xx.a</file>
         <name>NoRTOS.oem4</name>
      </input_file>
      <input_file id="fl-16">
         <path>C:\ti\simplelink_cc32xx_sdk_6_10_00_05\kernel\nortos\lib\ccs\m4\</path>
         <kind>archive</kind>
         <file>nortos_cc32xx.a</file>
         <name>SemaphoreP_nortos.oem4</name>
      </input_file>
      <input_file id="fl-17">
         <path>C:\ti\simplelink_cc32xx_sdk_6_10_00_05\kernel\nortos\lib\ccs\m4\</path>
         <kind>archive</kind>
         <file>nortos_cc32xx.a</file>
         <name>ClockPSysTick_nortos.oem4</name>
      </input_file>
      <input_file id="fl-18">
         <path>C:\ti\simplelink_cc32xx_sdk_6_10_00_05\kernel\nortos\lib\ccs\m4\</path>
         <kind>archive</kind>
         <file>nortos_cc32xx.a</file>
         <name>HwiPCC32XX_nortos.oem4</name>
      </input_file>
      <input_file id="fl-19">
         <path>C:\ti\simplelink_cc32xx_sdk_6_10_00_05\kernel\nortos\lib\ccs\m4\</path>
         <kind>archive</kind>
         <file>nortos_cc32xx.a</file>
         <name>PowerCC32XX_nortos.oem4</name>
      </input_file>
      <input_file id="fl-1a">
         <path>C:\ti\simplelink_cc32xx_sdk_6_10_00_05\kernel\nortos\lib\ccs\m4\</path>
         <kind>archive</kind>
         <file>nortos_cc32xx.a</file>
         <name>startup_cc32xx_ccs.oem4</name>
      </input_file>
      <input_file id="fl-1b">
         <path>C:\ti\simplelink_cc32xx_sdk_6_10_00_05\kernel\nortos\lib\ccs\m4\</path>
         <kind>archive</kind>
         <file>nortos_cc32xx.a</file>
         <name>SwiP_nortos.oem4</name>
      </input_file>
      <input_file id="fl-1c">
         <path>C:\ti\simplelink_cc32xx_sdk_6_10_00_05\kernel\nortos\lib\ccs\m4\</path>
         <kind>archive</kind>
         <file>nortos_cc32xx.a</file>
         <name>QueueP_nortos.oem4</name>
      </input_file>
      <input_file id="fl-1d">
         <path>C:\ti\simplelink_cc32xx_sdk_6_10_00_05\source\ti\devices\cc32xx\driverlib\ccs\Release\</path>
         <kind>archive</kind>
         <file>driverlib.a</file>
         <name>cpu.obj</name>
      </input_file>
      <input_file id="fl-1e">
         <path>C:\ti\simplelink_cc32xx_sdk_6_10_00_05\source\ti\devices\cc32xx\driverlib\ccs\Release\</path>
         <kind>archive</kind>
         <file>driverlib.a</file>
         <name>interrupt.obj</name>
      </input_file>
      <input_file id="fl-1f">
         <path>C:\ti\simplelink_cc32xx_sdk_6_10_00_05\source\ti\devices\cc32xx\driverlib\ccs\Release\</path>
         <kind>archive</kind>
         <file>driverlib.a</file>
         <name>pin.obj</name>
      </input_file>
      <input_file id="fl-20">
         <path>C:\ti\simplelink_cc32xx_sdk_6_10_00_05\source\ti\devices\cc32xx\driverlib\ccs\Release\</path>
         <kind>archive</kind>
         <file>driverlib.a</file>
         <name>prcm.obj</name>
      </input_file>
      <input_file id="fl-21">
         <path>C:\ti\simplelink_cc32xx_sdk_6_10_00_05\source\ti\devices\cc32xx\driverlib\ccs\Release\</path>
         <kind>archive</kind>
         <file>driverlib.a</file>
         <name>timer.obj</name>
      </input_file>
      <input_file id="fl-22">
         <path>C:\ti\simplelink_cc32xx_sdk_6_10_00_05\source\ti\devices\cc32xx\driverlib\ccs\Release\</path>
         <kind>archive</kind>
         <file>driverlib.a</file>
         <name>utils.obj</name>
      </input_file>
      <input_file id="fl-23">
         <path>C:\ti\simplelink_cc32xx_sdk_6_10_00_05\source\ti\devices\cc32xx\driverlib\ccs\Release\</path>
         <kind>archive</kind>
         <file>driverlib.a</file>
         <name>flash.obj</name>
      </input_file>
      <input_file id="fl-d9">
         <path>C:\ti\ccs1210\ccs\tools\compiler\ti-cgt-arm_20.2.7.LTS\lib\</path>
         <kind>archive</kind>
         <file>rtsv7M4_T_le_eabi.lib</file>
         <name>ll_mul_t2.asm.obj</name>
      </input_file>
      <input_file id="fl-da">
         <path>C:\ti\ccs1210\ccs\tools\compiler\ti-cgt-arm_20.2.7.LTS\lib\</path>
         <kind>archive</kind>
         <file>rtsv7M4_T_le_eabi.lib</file>
         <name>memcpy_t2.asm.obj</name>
      </input_file>
      <input_file id="fl-db">
         <path>C:\ti\ccs1210\ccs\tools\compiler\ti-cgt-arm_20.2.7.LTS\lib\</path>
         <kind>archive</kind>
         <file>rtsv7M4_T_le_eabi.lib</file>
         <name>ull_div_t2.asm.obj</name>
      </input_file>
      <input_file id="fl-dc">
         <path>C:\ti\ccs1210\ccs\tools\compiler\ti-cgt-arm_20.2.7.LTS\lib\</path>
         <kind>archive</kind>
         <file>rtsv7M4_T_le_eabi.lib</file>
         <name>copy_zero_init.c.obj</name>
      </input_file>
      <input_file id="fl-dd">
         <path>C:\ti\ccs1210\ccs\tools\compiler\ti-cgt-arm_20.2.7.LTS\lib\</path>
         <kind>archive</kind>
         <file>rtsv7M4_T_le_eabi.lib</file>
         <name>copy_decompress_none.c.obj</name>
      </input_file>
      <input_file id="fl-de">
         <path>C:\ti\ccs1210\ccs\tools\compiler\ti-cgt-arm_20.2.7.LTS\lib\</path>
         <kind>archive</kind>
         <file>rtsv7M4_T_le_eabi.lib</file>
         <name>copy_decompress_lzss.c.obj</name>
      </input_file>
      <input_file id="fl-df">
         <path>C:\ti\ccs1210\ccs\tools\compiler\ti-cgt-arm_20.2.7.LTS\lib\</path>
         <kind>archive</kind>
         <file>rtsv7M4_T_le_eabi.lib</file>
         <name>memory.c.obj</name>
      </input_file>
      <input_file id="fl-e0">
         <path>C:\ti\ccs1210\ccs\tools\compiler\ti-cgt-arm_20.2.7.LTS\lib\</path>
         <kind>archive</kind>
         <file>rtsv7M4_T_le_eabi.lib</file>
         <name>boot_cortex_m.c.obj</name>
      </input_file>
      <input_file id="fl-e1">
         <path>C:\ti\ccs1210\ccs\tools\compiler\ti-cgt-arm_20.2.7.LTS\lib\</path>
         <kind>archive</kind>
         <file>rtsv7M4_T_le_eabi.lib</file>
         <name>div0.asm.obj</name>
      </input_file>
      <input_file id="fl-e2">
         <path>C:\ti\ccs1210\ccs\tools\compiler\ti-cgt-arm_20.2.7.LTS\lib\</path>
         <kind>archive</kind>
         <file>rtsv7M4_T_le_eabi.lib</file>
         <name>memset_t2.asm.obj</name>
      </input_file>
      <input_file id="fl-e3">
         <path>C:\ti\ccs1210\ccs\tools\compiler\ti-cgt-arm_20.2.7.LTS\lib\</path>
         <kind>archive</kind>
         <file>rtsv7M4_T_le_eabi.lib</file>
         <name>autoinit.c.obj</name>
      </input_file>
      <input_file id="fl-e4">
         <path>C:\ti\ccs1210\ccs\tools\compiler\ti-cgt-arm_20.2.7.LTS\lib\</path>
         <kind>archive</kind>
         <file>rtsv7M4_T_le_eabi.lib</file>
         <name>pre_init.c.obj</name>
      </input_file>
      <input_file id="fl-e5">
         <path>C:\ti\ccs1210\ccs\tools\compiler\ti-cgt-arm_20.2.7.LTS\lib\</path>
         <kind>archive</kind>
         <file>rtsv7M4_T_le_eabi.lib</file>
         <name>cpy_tbl.c.obj</name>
      </input_file>
      <input_file id="fl-e6">
         <path>C:\ti\ccs1210\ccs\tools\compiler\ti-cgt-arm_20.2.7.LTS\lib\</path>
         <kind>archive</kind>
         <file>rtsv7M4_T_le_eabi.lib</file>
         <name>exit.c.obj</name>
      </input_file>
      <input_file id="fl-e7">
         <path>C:\ti\ccs1210\ccs\tools\compiler\ti-cgt-arm_20.2.7.LTS\lib\</path>
         <kind>archive</kind>
         <file>rtsv7M4_T_le_eabi.lib</file>
         <name>_lock.c.obj</name>
      </input_file>
      <input_file id="fl-e8">
         <path>C:\ti\ccs1210\ccs\tools\compiler\ti-cgt-arm_20.2.7.LTS\lib\</path>
         <kind>archive</kind>
         <file>rtsv7M4_T_le_eabi.lib</file>
         <name>args_main.c.obj</name>
      </input_file>
   </input_file_list>
   <object_component_list>
      <object_component id="oc-1c6">
         <name>.text:PRCMCC3200MCUInit</name>
         <load_address>0x2000c040</load_address>
         <run_address>0x2000c040</run_address>
         <size>0x42c</size>
         <input_file_ref idref="fl-20"/>
      </object_component>
      <object_component id="oc-326">
         <name>.text:PowerCC32XX_sleepPolicy</name>
         <load_address>0x2000c46c</load_address>
         <run_address>0x2000c46c</run_address>
         <size>0x1a0</size>
         <input_file_ref idref="fl-19"/>
      </object_component>
      <object_component id="oc-1e0">
         <name>.text:GPIO_setConfig</name>
         <load_address>0x2000c60c</load_address>
         <run_address>0x2000c60c</run_address>
         <size>0x154</size>
         <input_file_ref idref="fl-10"/>
      </object_component>
      <object_component id="oc-4b4">
         <name>.text:parkPins</name>
         <load_address>0x2000c760</load_address>
         <run_address>0x2000c760</run_address>
         <size>0x148</size>
         <input_file_ref idref="fl-11"/>
      </object_component>
      <object_component id="oc-411">
         <name>.text:Power_sleep</name>
         <load_address>0x2000c8a8</load_address>
         <run_address>0x2000c8a8</run_address>
         <size>0x138</size>
         <input_file_ref idref="fl-11"/>
      </object_component>
      <object_component id="oc-47b">
         <name>.text:aligned_alloc</name>
         <load_address>0x2000c9e0</load_address>
         <run_address>0x2000c9e0</run_address>
         <size>0x100</size>
         <input_file_ref idref="fl-df"/>
      </object_component>
      <object_component id="oc-344">
         <name>.text:free</name>
         <load_address>0x2000cae0</load_address>
         <run_address>0x2000cae0</run_address>
         <size>0xe4</size>
         <input_file_ref idref="fl-df"/>
      </object_component>
      <object_component id="oc-4d1">
         <name>.text:restoreParkedPins</name>
         <load_address>0x2000cbc4</load_address>
         <run_address>0x2000cbc4</run_address>
         <size>0xc0</size>
         <input_file_ref idref="fl-11"/>
      </object_component>
      <object_component id="oc-b5">
         <name>.text:IntEnable</name>
         <load_address>0x2000cc84</load_address>
         <run_address>0x2000cc84</run_address>
         <size>0xa8</size>
         <input_file_ref idref="fl-1e"/>
      </object_component>
      <object_component id="oc-263">
         <name>.text:PowerCC32XX_configureWakeup</name>
         <load_address>0x2000cd2c</load_address>
         <run_address>0x2000cd2c</run_address>
         <size>0xa8</size>
         <input_file_ref idref="fl-11"/>
      </object_component>
      <object_component id="oc-288">
         <name>.text:SemaphoreP_pend</name>
         <load_address>0x2000cdd4</load_address>
         <run_address>0x2000cdd4</run_address>
         <size>0xa0</size>
         <input_file_ref idref="fl-16"/>
      </object_component>
      <object_component id="oc-3b">
         <name>.text</name>
         <load_address>0x2000ce74</load_address>
         <run_address>0x2000ce74</run_address>
         <size>0x9c</size>
         <input_file_ref idref="fl-da"/>
      </object_component>
      <object_component id="oc-40c">
         <name>.text</name>
         <load_address>0x2000cf10</load_address>
         <run_address>0x2000cf10</run_address>
         <size>0x96</size>
         <input_file_ref idref="fl-db"/>
      </object_component>
      <object_component id="oc-1d8">
         <name>.text:Board_initHook</name>
         <load_address>0x2000cfa6</load_address>
         <run_address>0x2000cfa6</run_address>
         <size>0x2</size>
         <input_file_ref idref="fl-3"/>
      </object_component>
      <object_component id="oc-1d2">
         <name>.text:GPIO_init</name>
         <load_address>0x2000cfa8</load_address>
         <run_address>0x2000cfa8</run_address>
         <size>0x90</size>
         <input_file_ref idref="fl-10"/>
      </object_component>
      <object_component id="oc-4c5">
         <name>.text:restoreNVICRegs</name>
         <load_address>0x2000d038</load_address>
         <run_address>0x2000d038</run_address>
         <size>0x90</size>
         <input_file_ref idref="fl-11"/>
      </object_component>
      <object_component id="oc-3a4">
         <name>.text:HwiP_construct</name>
         <load_address>0x2000d0c8</load_address>
         <run_address>0x2000d0c8</run_address>
         <size>0x8c</size>
         <input_file_ref idref="fl-18"/>
      </object_component>
      <object_component id="oc-55a">
         <name>.text:IntPendSet</name>
         <load_address>0x2000d154</load_address>
         <run_address>0x2000d154</run_address>
         <size>0x88</size>
         <input_file_ref idref="fl-1e"/>
      </object_component>
      <object_component id="oc-2af">
         <name>.text:PinConfigSet</name>
         <load_address>0x2000d1dc</load_address>
         <run_address>0x2000d1dc</run_address>
         <size>0x88</size>
         <input_file_ref idref="fl-1f"/>
      </object_component>
      <object_component id="oc-1cc">
         <name>.text:Power_init</name>
         <load_address>0x2000d264</load_address>
         <run_address>0x2000d264</run_address>
         <size>0x84</size>
         <input_file_ref idref="fl-11"/>
      </object_component>
      <object_component id="oc-4ba">
         <name>.text:saveNVICRegs</name>
         <load_address>0x2000d2e8</load_address>
         <run_address>0x2000d2e8</run_address>
         <size>0x84</size>
         <input_file_ref idref="fl-11"/>
      </object_component>
      <object_component id="oc-1e6">
         <name>.text:GPIO_write</name>
         <load_address>0x2000d36c</load_address>
         <run_address>0x2000d36c</run_address>
         <size>0x80</size>
         <input_file_ref idref="fl-10"/>
      </object_component>
      <object_component id="oc-2b5">
         <name>.text:Power_setDependency</name>
         <load_address>0x2000d3ec</load_address>
         <run_address>0x2000d3ec</run_address>
         <size>0x80</size>
         <input_file_ref idref="fl-11"/>
      </object_component>
      <object_component id="oc-2a7">
         <name>.text:powerNotifyFxn</name>
         <load_address>0x2000d46c</load_address>
         <run_address>0x2000d46c</run_address>
         <size>0x74</size>
         <input_file_ref idref="fl-10"/>
      </object_component>
      <object_component id="oc-502">
         <name>.text:split</name>
         <load_address>0x2000d4e0</load_address>
         <run_address>0x2000d4e0</run_address>
         <size>0x70</size>
         <input_file_ref idref="fl-df"/>
      </object_component>
      <object_component id="oc-14">
         <name>.text:decompress:lzss:__TI_decompress_lzss</name>
         <load_address>0x2000d550</load_address>
         <run_address>0x2000d550</run_address>
         <size>0x68</size>
         <input_file_ref idref="fl-de"/>
      </object_component>
      <object_component id="oc-2c7">
         <name>.text:GPIO_setInterruptConfig</name>
         <load_address>0x2000d5b8</load_address>
         <run_address>0x2000d5b8</run_address>
         <size>0x64</size>
         <input_file_ref idref="fl-10"/>
      </object_component>
      <object_component id="oc-394">
         <name>.text:PowerCC32XX_setParkState</name>
         <load_address>0x2000d61c</load_address>
         <run_address>0x2000d61c</run_address>
         <size>0x64</size>
         <input_file_ref idref="fl-11"/>
      </object_component>
      <object_component id="oc-2d0">
         <name>.text:GPIO_hwiIntFxn</name>
         <load_address>0x2000d680</load_address>
         <run_address>0x2000d680</run_address>
         <size>0x60</size>
         <input_file_ref idref="fl-10"/>
      </object_component>
      <object_component id="oc-2de">
         <name>.text:GPIO_toggle</name>
         <load_address>0x2000d6e0</load_address>
         <run_address>0x2000d6e0</run_address>
         <size>0x60</size>
         <input_file_ref idref="fl-10"/>
      </object_component>
      <object_component id="oc-231">
         <name>.text:PRCMSysResetCauseGet</name>
         <load_address>0x2000d740</load_address>
         <run_address>0x2000d740</run_address>
         <size>0x60</size>
         <input_file_ref idref="fl-20"/>
      </object_component>
      <object_component id="oc-166">
         <name>.text:mainThread</name>
         <load_address>0x2000d7a0</load_address>
         <run_address>0x2000d7a0</run_address>
         <size>0x60</size>
         <input_file_ref idref="fl-2"/>
      </object_component>
      <object_component id="oc-51a">
         <name>.text:sysTickInit</name>
         <load_address>0x2000d800</load_address>
         <run_address>0x2000d800</run_address>
         <size>0x5c</size>
         <input_file_ref idref="fl-17"/>
      </object_component>
      <object_component id="oc-24a">
         <name>.text:PRCMPeripheralReset</name>
         <load_address>0x2000d85c</load_address>
         <run_address>0x2000d85c</run_address>
         <size>0x58</size>
         <input_file_ref idref="fl-20"/>
      </object_component>
      <object_component id="oc-537">
         <name>.text:PowerCC32XX_resumeLPDS</name>
         <load_address>0x2000d8b4</load_address>
         <run_address>0x2000d8b4</run_address>
         <size>0x52</size>
         <input_file_ref idref="fl-12"/>
      </object_component>
      <object_component id="oc-320">
         <name>.text:PowerCC32XX_initPolicy</name>
         <load_address>0x2000d906</load_address>
         <run_address>0x2000d906</run_address>
         <size>0x2</size>
         <input_file_ref idref="fl-19"/>
      </object_component>
      <object_component id="oc-79">
         <name>.text:ClockP_sysTickHandler</name>
         <load_address>0x2000d908</load_address>
         <run_address>0x2000d908</run_address>
         <size>0x50</size>
         <input_file_ref idref="fl-17"/>
      </object_component>
      <object_component id="oc-43f">
         <name>.text:SemaphoreP_construct</name>
         <load_address>0x2000d958</load_address>
         <run_address>0x2000d958</run_address>
         <size>0x50</size>
         <input_file_ref idref="fl-16"/>
      </object_component>
      <object_component id="oc-52e">
         <name>.text:PowerCC32XX_parkPin</name>
         <load_address>0x2000d9a8</load_address>
         <run_address>0x2000d9a8</run_address>
         <size>0x4c</size>
         <input_file_ref idref="fl-11"/>
      </object_component>
      <object_component id="oc-4cb">
         <name>.text:restorePeriphClocks</name>
         <load_address>0x2000d9f4</load_address>
         <run_address>0x2000d9f4</run_address>
         <size>0x4c</size>
         <input_file_ref idref="fl-11"/>
      </object_component>
      <object_component id="oc-552">
         <name>.text:FlashDisable</name>
         <load_address>0x2000da40</load_address>
         <run_address>0x2000da40</run_address>
         <size>0x48</size>
         <input_file_ref idref="fl-23"/>
      </object_component>
      <object_component id="oc-3ab">
         <name>.text:GPIO_disableInt</name>
         <load_address>0x2000da88</load_address>
         <run_address>0x2000da88</run_address>
         <size>0x48</size>
         <input_file_ref idref="fl-10"/>
      </object_component>
      <object_component id="oc-1f2">
         <name>.text:GPIO_enableInt</name>
         <load_address>0x2000dad0</load_address>
         <run_address>0x2000dad0</run_address>
         <size>0x48</size>
         <input_file_ref idref="fl-10"/>
      </object_component>
      <object_component id="oc-4d7">
         <name>.text:PRCMLPDSEnter</name>
         <load_address>0x2000db18</load_address>
         <run_address>0x2000db18</run_address>
         <size>0x48</size>
         <input_file_ref idref="fl-20"/>
      </object_component>
      <object_component id="oc-244">
         <name>.text:PRCMPeripheralClkEnable</name>
         <load_address>0x2000db60</load_address>
         <run_address>0x2000db60</run_address>
         <size>0x48</size>
         <input_file_ref idref="fl-20"/>
      </object_component>
      <object_component id="oc-467">
         <name>.text:ClockP_stop</name>
         <load_address>0x2000dba8</load_address>
         <run_address>0x2000dba8</run_address>
         <size>0x44</size>
         <input_file_ref idref="fl-17"/>
      </object_component>
      <object_component id="oc-53c">
         <name>.text:PRCMLPDSRestoreInfoSet</name>
         <load_address>0x2000dbec</load_address>
         <run_address>0x2000dbec</run_address>
         <size>0x44</size>
         <input_file_ref idref="fl-20"/>
      </object_component>
      <object_component id="oc-4c0">
         <name>.text:PowerCC32XX_enterLPDS</name>
         <load_address>0x2000dc30</load_address>
         <run_address>0x2000dc30</run_address>
         <size>0x44</size>
         <input_file_ref idref="fl-12"/>
      </object_component>
      <object_component id="oc-294">
         <name>.text:SemaphoreP_post</name>
         <load_address>0x2000dc74</load_address>
         <run_address>0x2000dc74</run_address>
         <size>0x44</size>
         <input_file_ref idref="fl-16"/>
      </object_component>
      <object_component id="oc-428">
         <name>.text:SwiP_restore</name>
         <load_address>0x2000dcb8</load_address>
         <run_address>0x2000dcb8</run_address>
         <size>0x44</size>
         <input_file_ref idref="fl-1b"/>
      </object_component>
      <object_component id="oc-179">
         <name>.text:__TI_auto_init_nobinit_nopinit:__TI_auto_init_nobinit_nopinit</name>
         <load_address>0x2000dcfc</load_address>
         <run_address>0x2000dcfc</run_address>
         <size>0x44</size>
         <input_file_ref idref="fl-e3"/>
      </object_component>
      <object_component id="oc-25c">
         <name>.text:PinModeSet</name>
         <load_address>0x2000dd40</load_address>
         <run_address>0x2000dd40</run_address>
         <size>0x40</size>
         <input_file_ref idref="fl-1f"/>
      </object_component>
      <object_component id="oc-363">
         <name>.text:ClockP_destruct</name>
         <load_address>0x2000dd80</load_address>
         <run_address>0x2000dd80</run_address>
         <size>0x3c</size>
         <input_file_ref idref="fl-17"/>
      </object_component>
      <object_component id="oc-406">
         <name>.text:getCountsRTC</name>
         <load_address>0x2000ddbc</load_address>
         <run_address>0x2000ddbc</run_address>
         <size>0x3a</size>
         <input_file_ref idref="fl-19"/>
      </object_component>
      <object_component id="oc-2e8">
         <name>.text:_nop</name>
         <load_address>0x2000ddf6</load_address>
         <run_address>0x2000ddf6</run_address>
         <size>0x2</size>
         <input_file_ref idref="fl-e7"/>
      </object_component>
      <object_component id="oc-4dd">
         <name>.text:PRCMLPDSEnterKeepDebugIf</name>
         <load_address>0x2000ddf8</load_address>
         <run_address>0x2000ddf8</run_address>
         <size>0x38</size>
         <input_file_ref idref="fl-20"/>
      </object_component>
      <object_component id="oc-db">
         <name>.text:addToList</name>
         <load_address>0x2000de30</load_address>
         <run_address>0x2000de30</run_address>
         <size>0x38</size>
         <input_file_ref idref="fl-17"/>
      </object_component>
      <object_component id="oc-59">
         <name>.text:initVectors</name>
         <load_address>0x2000de68</load_address>
         <run_address>0x2000de68</run_address>
         <size>0x38</size>
         <input_file_ref idref="fl-1a"/>
      </object_component>
      <object_component id="oc-4ae">
         <name>.text:notify</name>
         <load_address>0x2000dea0</load_address>
         <run_address>0x2000dea0</run_address>
         <size>0x38</size>
         <input_file_ref idref="fl-11"/>
      </object_component>
      <object_component id="oc-3f4">
         <name>.text:ClockP_getTicksUntilInterrupt</name>
         <load_address>0x2000ded8</load_address>
         <run_address>0x2000ded8</run_address>
         <size>0x34</size>
         <input_file_ref idref="fl-17"/>
      </object_component>
      <object_component id="oc-49f">
         <name>.text:ClockP_startup</name>
         <load_address>0x2000df0c</load_address>
         <run_address>0x2000df0c</run_address>
         <size>0x34</size>
         <input_file_ref idref="fl-17"/>
      </object_component>
      <object_component id="oc-256">
         <name>.text:PinModeGet</name>
         <load_address>0x2000df40</load_address>
         <run_address>0x2000df40</run_address>
         <size>0x34</size>
         <input_file_ref idref="fl-1f"/>
      </object_component>
      <object_component id="oc-351">
         <name>.text:ClockP_start</name>
         <load_address>0x2000df74</load_address>
         <run_address>0x2000df74</run_address>
         <size>0x30</size>
         <input_file_ref idref="fl-17"/>
      </object_component>
      <object_component id="oc-54b">
         <name>.text:PowerCC32XX_restoreParkedPin</name>
         <load_address>0x2000dfa4</load_address>
         <run_address>0x2000dfa4</run_address>
         <size>0x30</size>
         <input_file_ref idref="fl-11"/>
      </object_component>
      <object_component id="oc-2c1">
         <name>.text:HwiP_create</name>
         <load_address>0x2000dfd4</load_address>
         <run_address>0x2000dfd4</run_address>
         <size>0x2a</size>
         <input_file_ref idref="fl-18"/>
      </object_component>
      <object_component id="oc-73">
         <name>.text:busFaultHandler</name>
         <load_address>0x2000dffe</load_address>
         <run_address>0x2000dffe</run_address>
         <size>0x2</size>
         <input_file_ref idref="fl-1a"/>
      </object_component>
      <object_component id="oc-250">
         <name>.text:PRCMPeripheralClkDisable</name>
         <load_address>0x2000e000</load_address>
         <run_address>0x2000e000</run_address>
         <size>0x28</size>
         <input_file_ref idref="fl-20"/>
      </object_component>
      <object_component id="oc-28e">
         <name>.text:Power_registerNotify</name>
         <load_address>0x2000e028</load_address>
         <run_address>0x2000e028</run_address>
         <size>0x28</size>
         <input_file_ref idref="fl-11"/>
      </object_component>
      <object_component id="oc-45f">
         <name>.text:free_list_insert</name>
         <load_address>0x2000e050</load_address>
         <run_address>0x2000e050</run_address>
         <size>0x28</size>
         <input_file_ref idref="fl-df"/>
      </object_component>
      <object_component id="oc-373">
         <name>.text:List_put</name>
         <load_address>0x2000e078</load_address>
         <run_address>0x2000e078</run_address>
         <size>0x26</size>
         <input_file_ref idref="fl-14"/>
      </object_component>
      <object_component id="oc-369">
         <name>.text:clkFxn</name>
         <load_address>0x2000e09e</load_address>
         <run_address>0x2000e09e</run_address>
         <size>0x2</size>
         <input_file_ref idref="fl-16"/>
      </object_component>
      <object_component id="oc-485">
         <name>.text:HwiP_dispatch</name>
         <load_address>0x2000e0a0</load_address>
         <run_address>0x2000e0a0</run_address>
         <size>0x24</size>
         <input_file_ref idref="fl-18"/>
      </object_component>
      <object_component id="oc-c5">
         <name>.text:_c_int00_noargs:_c_int00_noargs</name>
         <load_address>0x2000e0c4</load_address>
         <run_address>0x2000e0c4</run_address>
         <size>0x24</size>
         <input_file_ref idref="fl-e0"/>
      </object_component>
      <object_component id="oc-1ec">
         <name>.text:GPIO_setCallback</name>
         <load_address>0x2000e0e8</load_address>
         <run_address>0x2000e0e8</run_address>
         <size>0x1c</size>
         <input_file_ref idref="fl-e"/>
      </object_component>
      <object_component id="oc-528">
         <name>.text:PinToPadGet</name>
         <load_address>0x2000e104</load_address>
         <run_address>0x2000e104</run_address>
         <size>0x1c</size>
         <input_file_ref idref="fl-1f"/>
      </object_component>
      <object_component id="oc-3e8">
         <name>.text:SwiP_disable</name>
         <load_address>0x2000e120</load_address>
         <run_address>0x2000e120</run_address>
         <size>0x1c</size>
         <input_file_ref idref="fl-1b"/>
      </object_component>
      <object_component id="oc-47">
         <name>.text:decompress:ZI:__TI_zero_init_nomemset:__TI_zero_init_nomemset</name>
         <load_address>0x2000e13c</load_address>
         <run_address>0x2000e13c</run_address>
         <size>0x1c</size>
         <input_file_ref idref="fl-dc"/>
      </object_component>
      <object_component id="oc-459">
         <name>.text:free_list_remove</name>
         <load_address>0x2000e158</load_address>
         <run_address>0x2000e158</run_address>
         <size>0x1c</size>
         <input_file_ref idref="fl-df"/>
      </object_component>
      <object_component id="oc-270">
         <name>.text:SemaphoreP_createBinary</name>
         <load_address>0x2000e174</load_address>
         <run_address>0x2000e174</run_address>
         <size>0x1a</size>
         <input_file_ref idref="fl-16"/>
      </object_component>
      <object_component id="oc-6d">
         <name>.text:defaultHandler</name>
         <load_address>0x2000e18e</load_address>
         <run_address>0x2000e18e</run_address>
         <size>0x2</size>
         <input_file_ref idref="fl-1a"/>
      </object_component>
      <object_component id="oc-21">
         <name>.text:resetISR</name>
         <load_address>0x2000e190</load_address>
         <run_address>0x2000e190</run_address>
         <size>0x1a</size>
         <input_file_ref idref="fl-1a"/>
      </object_component>
      <object_component id="oc-67">
         <name>.text:faultISR</name>
         <load_address>0x2000e1aa</load_address>
         <run_address>0x2000e1aa</run_address>
         <size>0x2</size>
         <input_file_ref idref="fl-1a"/>
      </object_component>
      <object_component id="oc-3fa">
         <name>.text:Power_getTransitionLatency</name>
         <load_address>0x2000e1ac</load_address>
         <run_address>0x2000e1ac</run_address>
         <size>0x18</size>
         <input_file_ref idref="fl-11"/>
      </object_component>
      <object_component id="oc-4f1">
         <name>.text:Power_idleFunc</name>
         <load_address>0x2000e1c4</load_address>
         <run_address>0x2000e1c4</run_address>
         <size>0x18</size>
         <input_file_ref idref="fl-11"/>
      </object_component>
      <object_component id="oc-417">
         <name>.text</name>
         <load_address>0x2000e1dc</load_address>
         <run_address>0x2000e1dc</run_address>
         <size>0x18</size>
         <input_file_ref idref="fl-d9"/>
      </object_component>
      <object_component id="oc-23e">
         <name>.text:PRCMHIBRegRead</name>
         <load_address>0x2000e1f4</load_address>
         <run_address>0x2000e1f4</run_address>
         <size>0x16</size>
         <input_file_ref idref="fl-20"/>
      </object_component>
      <object_component id="oc-238">
         <name>.text:PRCMHIBRegWrite</name>
         <load_address>0x2000e20a</load_address>
         <run_address>0x2000e20a</run_address>
         <size>0x16</size>
         <input_file_ref idref="fl-20"/>
      </object_component>
      <object_component id="oc-339">
         <name>.text:SemaphoreP_create</name>
         <load_address>0x2000e220</load_address>
         <run_address>0x2000e220</run_address>
         <size>0x16</size>
         <input_file_ref idref="fl-16"/>
      </object_component>
      <object_component id="oc-15a">
         <name>.text:Board_init</name>
         <load_address>0x2000e236</load_address>
         <run_address>0x2000e236</run_address>
         <size>0x14</size>
         <input_file_ref idref="fl-3"/>
      </object_component>
      <object_component id="oc-a3">
         <name>.text:CPUcpsid</name>
         <load_address>0x2000e24a</load_address>
         <run_address>0x2000e24a</run_address>
         <size>0x14</size>
         <input_file_ref idref="fl-1d"/>
      </object_component>
      <object_component id="oc-61">
         <name>.text:nmiISR</name>
         <load_address>0x2000e25e</load_address>
         <run_address>0x2000e25e</run_address>
         <size>0x2</size>
         <input_file_ref idref="fl-1a"/>
      </object_component>
      <object_component id="oc-37a">
         <name>.text:HwiP_inISR</name>
         <load_address>0x2000e260</load_address>
         <run_address>0x2000e260</run_address>
         <size>0x14</size>
         <input_file_ref idref="fl-18"/>
      </object_component>
      <object_component id="oc-af">
         <name>.text:IntVTableBaseSet</name>
         <load_address>0x2000e274</load_address>
         <run_address>0x2000e274</run_address>
         <size>0x14</size>
         <input_file_ref idref="fl-1e"/>
      </object_component>
      <object_component id="oc-380">
         <name>.text:Power_disablePolicy</name>
         <load_address>0x2000e288</load_address>
         <run_address>0x2000e288</run_address>
         <size>0x14</size>
         <input_file_ref idref="fl-11"/>
      </object_component>
      <object_component id="oc-544">
         <name>.text:Power_getDependencyCount</name>
         <load_address>0x2000e29c</load_address>
         <run_address>0x2000e29c</run_address>
         <size>0x14</size>
         <input_file_ref idref="fl-11"/>
      </object_component>
      <object_component id="oc-2bb">
         <name>.text:HwiP_Params_init</name>
         <load_address>0x2000e2b0</load_address>
         <run_address>0x2000e2b0</run_address>
         <size>0x12</size>
         <input_file_ref idref="fl-18"/>
      </object_component>
      <object_component id="oc-11f">
         <name>.text:main</name>
         <load_address>0x2000e2c2</load_address>
         <run_address>0x2000e2c2</run_address>
         <size>0x12</size>
         <input_file_ref idref="fl-4"/>
      </object_component>
      <object_component id="oc-34b">
         <name>.text:ClockP_add</name>
         <load_address>0x2000e2d4</load_address>
         <run_address>0x2000e2d4</run_address>
         <size>0x10</size>
         <input_file_ref idref="fl-17"/>
      </object_component>
      <object_component id="oc-3e2">
         <name>.text:ClockP_getCpuFreq</name>
         <load_address>0x2000e2e4</load_address>
         <run_address>0x2000e2e4</run_address>
         <size>0x10</size>
         <input_file_ref idref="fl-17"/>
      </object_component>
      <object_component id="oc-400">
         <name>.text:ClockP_getSystemTicks</name>
         <load_address>0x2000e2f4</load_address>
         <run_address>0x2000e2f4</run_address>
         <size>0x10</size>
         <input_file_ref idref="fl-17"/>
      </object_component>
      <object_component id="oc-41c">
         <name>.text:ClockP_setTicks</name>
         <load_address>0x2000e304</load_address>
         <run_address>0x2000e304</run_address>
         <size>0x10</size>
         <input_file_ref idref="fl-17"/>
      </object_component>
      <object_component id="oc-27c">
         <name>.text:HwiP_restore</name>
         <load_address>0x2000e314</load_address>
         <run_address>0x2000e314</run_address>
         <size>0x10</size>
         <input_file_ref idref="fl-18"/>
      </object_component>
      <object_component id="oc-357">
         <name>.text:Power_enablePolicy</name>
         <load_address>0x2000e324</load_address>
         <run_address>0x2000e324</run_address>
         <size>0x10</size>
         <input_file_ref idref="fl-11"/>
      </object_component>
      <object_component id="oc-333">
         <name>.text:SemaphoreP_Params_init</name>
         <load_address>0x2000e334</load_address>
         <run_address>0x2000e334</run_address>
         <size>0x10</size>
         <input_file_ref idref="fl-16"/>
      </object_component>
      <object_component id="oc-276">
         <name>.text:HwiP_disable</name>
         <load_address>0x2000e344</load_address>
         <run_address>0x2000e344</run_address>
         <size>0xe</size>
         <input_file_ref idref="fl-18"/>
      </object_component>
      <object_component id="oc-160">
         <name>.text:HwiP_enable</name>
         <load_address>0x2000e352</load_address>
         <run_address>0x2000e352</run_address>
         <size>0xe</size>
         <input_file_ref idref="fl-18"/>
      </object_component>
      <object_component id="oc-1a">
         <name>.text:decompress:none:__TI_decompress_none</name>
         <load_address>0x2000e360</load_address>
         <run_address>0x2000e360</run_address>
         <size>0xe</size>
         <input_file_ref idref="fl-dd"/>
      </object_component>
      <object_component id="oc-4a8">
         <name>.text</name>
         <load_address>0x2000e36e</load_address>
         <run_address>0x2000e36e</run_address>
         <size>0x2</size>
         <input_file_ref idref="fl-e1"/>
      </object_component>
      <object_component id="oc-3ee">
         <name>.text:Power_getConstraintMask</name>
         <load_address>0x2000e370</load_address>
         <run_address>0x2000e370</run_address>
         <size>0xc</size>
         <input_file_ref idref="fl-11"/>
      </object_component>
      <object_component id="oc-35d">
         <name>.text:ClockP_isActive</name>
         <load_address>0x2000e37c</load_address>
         <run_address>0x2000e37c</run_address>
         <size>0xa</size>
         <input_file_ref idref="fl-17"/>
      </object_component>
      <object_component id="oc-53">
         <name>.text:IntMasterDisable</name>
         <load_address>0x2000e386</load_address>
         <run_address>0x2000e386</run_address>
         <size>0xa</size>
         <input_file_ref idref="fl-1e"/>
      </object_component>
      <object_component id="oc-39e">
         <name>.text:malloc</name>
         <load_address>0x2000e390</load_address>
         <run_address>0x2000e390</run_address>
         <size>0x8</size>
         <input_file_ref idref="fl-df"/>
      </object_component>
      <object_component id="oc-237">
         <name>.text:UtilsDelay</name>
         <load_address>0x2000e398</load_address>
         <run_address>0x2000e398</run_address>
         <size>0x6</size>
         <input_file_ref idref="fl-22"/>
      </object_component>
      <object_component id="oc-1f8">
         <name>.text:gpioButtonFxn0</name>
         <load_address>0x2000e39e</load_address>
         <run_address>0x2000e39e</run_address>
         <size>0x6</size>
         <input_file_ref idref="fl-2"/>
      </object_component>
      <object_component id="oc-1fe">
         <name>.text:gpioButtonFxn1</name>
         <load_address>0x2000e3a4</load_address>
         <run_address>0x2000e3a4</run_address>
         <size>0x6</size>
         <input_file_ref idref="fl-2"/>
      </object_component>
      <object_component id="oc-422">
         <name>.text:ClockP_doTick</name>
         <load_address>0x2000e3aa</load_address>
         <run_address>0x2000e3aa</run_address>
         <size>0x4</size>
         <input_file_ref idref="fl-17"/>
      </object_component>
      <object_component id="oc-4e7">
         <name>.text:HwiP_post</name>
         <load_address>0x2000e3ae</load_address>
         <run_address>0x2000e3ae</run_address>
         <size>0x4</size>
         <input_file_ref idref="fl-18"/>
      </object_component>
      <object_component id="oc-282">
         <name>.text:SemaphoreP_delete</name>
         <load_address>0x2000e3b2</load_address>
         <run_address>0x2000e3b2</run_address>
         <size>0x4</size>
         <input_file_ref idref="fl-16"/>
      </object_component>
      <object_component id="oc-119">
         <name>.text:_system_pre_init</name>
         <load_address>0x2000e3b6</load_address>
         <run_address>0x2000e3b6</run_address>
         <size>0x4</size>
         <input_file_ref idref="fl-e4"/>
      </object_component>
      <object_component id="oc-16d">
         <name>.text:abort:abort</name>
         <load_address>0x2000e3ba</load_address>
         <run_address>0x2000e3ba</run_address>
         <size>0x4</size>
         <input_file_ref idref="fl-e6"/>
      </object_component>
      <object_component id="oc-311">
         <name>.const:g_ulPinToPadMap</name>
         <load_address>0x2000e9e0</load_address>
         <run_address>0x2000e9e0</run_address>
         <size>0x100</size>
         <input_file_ref idref="fl-1f"/>
      </object_component>
      <object_component id="oc-30a">
         <name>.const:PRCM_PeriphRegsList</name>
         <load_address>0x2000eae0</load_address>
         <run_address>0x2000eae0</run_address>
         <size>0xa8</size>
         <input_file_ref idref="fl-20"/>
      </object_component>
      <object_component id="oc-26c">
         <name>.const:PowerCC32XX_config</name>
         <load_address>0x2000eb88</load_address>
         <run_address>0x2000eb88</run_address>
         <size>0x44</size>
         <input_file_ref idref="fl-3"/>
      </object_component>
      <object_component id="oc-2d6">
         <name>.const:portConfigs</name>
         <load_address>0x2000ebcc</load_address>
         <run_address>0x2000ebcc</run_address>
         <size>0x28</size>
         <input_file_ref idref="fl-10"/>
      </object_component>
      <object_component id="oc-2cd">
         <name>.const:.string:pinTable</name>
         <load_address>0x2000ebf4</load_address>
         <run_address>0x2000ebf4</run_address>
         <size>0x21</size>
         <input_file_ref idref="fl-10"/>
      </object_component>
      <object_component id="oc-113">
         <name>.const:g_pulEnRegs</name>
         <load_address>0x2000ec18</load_address>
         <run_address>0x2000ec18</run_address>
         <size>0x18</size>
         <input_file_ref idref="fl-1e"/>
      </object_component>
      <object_component id="oc-576">
         <name>.const:g_pulPendRegs</name>
         <load_address>0x2000ec30</load_address>
         <run_address>0x2000ec30</run_address>
         <size>0x18</size>
         <input_file_ref idref="fl-1e"/>
      </object_component>
      <object_component id="oc-2a1">
         <name>.const:GPIO_config</name>
         <load_address>0x2000ec48</load_address>
         <run_address>0x2000ec48</run_address>
         <size>0x10</size>
         <input_file_ref idref="fl-3"/>
      </object_component>
      <object_component id="oc-29e">
         <name>.const</name>
         <load_address>0x2000ec58</load_address>
         <run_address>0x2000ec58</run_address>
         <size>0x8</size>
         <input_file_ref idref="fl-3"/>
      </object_component>
      <object_component id="oc-5aa">
         <name>.cinit..data.load</name>
         <load_address>0x2000eed0</load_address>
         <run_address>0x2000eed0</run_address>
         <size>0xcf</size>
      </object_component>
      <object_component id="oc-5a8">
         <name>__TI_handler_table</name>
         <load_address>0x2000efa0</load_address>
         <run_address>0x2000efa0</run_address>
         <size>0xc</size>
      </object_component>
      <object_component id="oc-5ab">
         <name>.cinit..bss.load</name>
         <load_address>0x2000efb0</load_address>
         <run_address>0x2000efb0</run_address>
         <size>0x8</size>
      </object_component>
      <object_component id="oc-5a9">
         <name>__TI_cinit_table</name>
         <load_address>0x2000efb8</load_address>
         <run_address>0x2000efb8</run_address>
         <size>0x10</size>
      </object_component>
      <object_component id="oc-38b">
         <name>.data:gpioPinConfigs</name>
         <load_address>0x2000e930</load_address>
         <run_address>0x2000e930</run_address>
         <size>0x84</size>
         <input_file_ref idref="fl-3"/>
      </object_component>
      <object_component id="oc-32c">
         <name>.data:parkInfo</name>
         <load_address>0x2000e838</load_address>
         <run_address>0x2000e838</run_address>
         <size>0xf8</size>
         <input_file_ref idref="fl-3"/>
      </object_component>
      <object_component id="oc-29b">
         <name>.data</name>
         <load_address>0x2000e9dc</load_address>
         <run_address>0x2000e9dc</run_address>
         <size>0x2</size>
         <input_file_ref idref="fl-10"/>
      </object_component>
      <object_component id="oc-269">
         <name>.data:PowerCC32XX_module</name>
         <load_address>0x2000e6cc</load_address>
         <run_address>0x2000e6cc</run_address>
         <size>0x16c</size>
         <input_file_ref idref="fl-11"/>
      </object_component>
      <object_component id="oc-36f">
         <name>.data</name>
         <load_address>0x2000e9d9</load_address>
         <run_address>0x2000e9d9</run_address>
         <size>0x3</size>
         <input_file_ref idref="fl-16"/>
      </object_component>
      <object_component id="oc-43b">
         <name>.data:SemaphoreP_defaultParams</name>
         <load_address>0x2000e9c4</load_address>
         <run_address>0x2000e9c4</run_address>
         <size>0x8</size>
         <input_file_ref idref="fl-16"/>
      </object_component>
      <object_component id="oc-42e">
         <name>.data</name>
         <load_address>0x2000e9d4</load_address>
         <run_address>0x2000e9d4</run_address>
         <size>0x5</size>
         <input_file_ref idref="fl-17"/>
      </object_component>
      <object_component id="oc-482">
         <name>.data:HwiP_dispatchTable</name>
         <load_address>0x2000e3c0</load_address>
         <run_address>0x2000e3c0</run_address>
         <size>0x30c</size>
         <input_file_ref idref="fl-18"/>
      </object_component>
      <object_component id="oc-48b">
         <name>.data</name>
         <load_address>0x2000e9cc</load_address>
         <run_address>0x2000e9cc</run_address>
         <size>0x8</size>
         <input_file_ref idref="fl-18"/>
      </object_component>
      <object_component id="oc-4fa">
         <name>.data:$O1$$</name>
         <load_address>0x2000e9bc</load_address>
         <run_address>0x2000e9bc</run_address>
         <size>0x8</size>
         <input_file_ref idref="fl-df"/>
      </object_component>
      <object_component id="oc-209">
         <name>.data:$O1$$</name>
         <load_address>0x2000e9b4</load_address>
         <run_address>0x2000e9b4</run_address>
         <size>0x8</size>
         <input_file_ref idref="fl-e7"/>
      </object_component>
      <object_component id="oc-2a4">
         <name>.bss:powerNotifyObj</name>
         <uninitialized>true</uninitialized>
         <run_address>0x2000ee94</run_address>
         <size>0x14</size>
         <input_file_ref idref="fl-10"/>
      </object_component>
      <object_component id="oc-29a">
         <name>.bss</name>
         <uninitialized>true</uninitialized>
         <run_address>0x2000eec8</run_address>
         <size>0x4</size>
         <input_file_ref idref="fl-10"/>
      </object_component>
      <object_component id="oc-520">
         <name>.bss</name>
         <uninitialized>true</uninitialized>
         <run_address>0x2000eecc</run_address>
         <size>0x4</size>
         <input_file_ref idref="fl-17"/>
      </object_component>
      <object_component id="oc-493">
         <name>.bss</name>
         <uninitialized>true</uninitialized>
         <run_address>0x2000eeb8</run_address>
         <size>0xd</size>
         <input_file_ref idref="fl-1b"/>
      </object_component>
      <object_component id="oc-38e">
         <name>.common:gpioCallbackFunctions</name>
         <uninitialized>true</uninitialized>
         <run_address>0x2000ed8c</run_address>
         <size>0x84</size>
      </object_component>
      <object_component id="oc-38f">
         <name>.common:gpioUserArgs</name>
         <uninitialized>true</uninitialized>
         <run_address>0x2000ee10</run_address>
         <size>0x84</size>
      </object_component>
      <object_component id="oc-535">
         <name>.common:PowerCC32XX_contextSave</name>
         <uninitialized>true</uninitialized>
         <run_address>0x2000ec60</run_address>
         <size>0x12c</size>
      </object_component>
      <object_component id="oc-e1">
         <name>.common:ClockP_ctrl</name>
         <uninitialized>true</uninitialized>
         <run_address>0x2000eea8</run_address>
         <size>0x10</size>
      </object_component>
      <object_component id="oc-2a">
         <name>.sysmem</name>
         <uninitialized>true</uninitialized>
         <run_address>0x20004040</run_address>
         <size>0x10</size>
         <input_file_ref idref="fl-df"/>
      </object_component>
      <object_component id="oc-5ae">
         <name>.sysmem</name>
         <uninitialized>true</uninitialized>
         <run_address>0x20004040</run_address>
         <size>0x0</size>
      </object_component>
      <object_component id="oc-2d">
         <name>.stack</name>
         <uninitialized>true</uninitialized>
         <run_address>0x20003000</run_address>
         <size>0x4</size>
         <input_file_ref idref="fl-e0"/>
      </object_component>
      <object_component id="oc-5ad">
         <name>.stack</name>
         <uninitialized>true</uninitialized>
         <run_address>0x20003000</run_address>
         <size>0x0</size>
      </object_component>
      <object_component id="oc-27">
         <name>.resetVecs:retain</name>
         <load_address>0x20004000</load_address>
         <run_address>0x20004000</run_address>
         <size>0x40</size>
         <input_file_ref idref="fl-1a"/>
      </object_component>
      <object_component id="oc-bb">
         <name>.ramVecs</name>
         <uninitialized>true</uninitialized>
         <run_address>0x20000000</run_address>
         <size>0x30c</size>
         <input_file_ref idref="fl-1a"/>
      </object_component>
      <object_component id="oc-152">
         <name>.debug_info</name>
         <load_address>0x0</load_address>
         <run_address>0x0</run_address>
         <size>0x439</size>
         <input_file_ref idref="fl-2"/>
      </object_component>
      <object_component id="oc-169">
         <name>.debug_info</name>
         <load_address>0x439</load_address>
         <run_address>0x439</run_address>
         <size>0x221</size>
         <input_file_ref idref="fl-2"/>
      </object_component>
      <object_component id="oc-200">
         <name>.debug_info</name>
         <load_address>0x65a</load_address>
         <run_address>0x65a</run_address>
         <size>0x167</size>
         <input_file_ref idref="fl-2"/>
      </object_component>
      <object_component id="oc-1fa">
         <name>.debug_info</name>
         <load_address>0x7c1</load_address>
         <run_address>0x7c1</run_address>
         <size>0x167</size>
         <input_file_ref idref="fl-2"/>
      </object_component>
      <object_component id="oc-1ae">
         <name>.debug_info</name>
         <load_address>0x928</load_address>
         <run_address>0x928</run_address>
         <size>0x2a7</size>
         <input_file_ref idref="fl-2"/>
      </object_component>
      <object_component id="oc-139">
         <name>.debug_info</name>
         <load_address>0xbcf</load_address>
         <run_address>0xbcf</run_address>
         <size>0x100</size>
         <input_file_ref idref="fl-2"/>
      </object_component>
      <object_component id="oc-22c">
         <name>.debug_info</name>
         <load_address>0xccf</load_address>
         <run_address>0xccf</run_address>
         <size>0xf8</size>
         <input_file_ref idref="fl-2"/>
      </object_component>
      <object_component id="oc-e7">
         <name>.debug_info</name>
         <load_address>0xdc7</load_address>
         <run_address>0xdc7</run_address>
         <size>0x26b</size>
         <input_file_ref idref="fl-2"/>
      </object_component>
      <object_component id="oc-1bd">
         <name>.debug_info</name>
         <load_address>0x1032</load_address>
         <run_address>0x1032</run_address>
         <size>0xa8</size>
         <input_file_ref idref="fl-2"/>
      </object_component>
      <object_component id="oc-1b3">
         <name>.debug_info</name>
         <load_address>0x10da</load_address>
         <run_address>0x10da</run_address>
         <size>0xa1</size>
         <input_file_ref idref="fl-2"/>
      </object_component>
      <object_component id="oc-227">
         <name>.debug_info</name>
         <load_address>0x117b</load_address>
         <run_address>0x117b</run_address>
         <size>0xb6</size>
         <input_file_ref idref="fl-2"/>
      </object_component>
      <object_component id="oc-10d">
         <name>.debug_info</name>
         <load_address>0x1231</load_address>
         <run_address>0x1231</run_address>
         <size>0x8b</size>
         <input_file_ref idref="fl-2"/>
      </object_component>
      <object_component id="oc-14d">
         <name>.debug_info</name>
         <load_address>0x12bc</load_address>
         <run_address>0x12bc</run_address>
         <size>0x2a4</size>
         <input_file_ref idref="fl-2"/>
      </object_component>
      <object_component id="oc-1b8">
         <name>.debug_info</name>
         <load_address>0x1560</load_address>
         <run_address>0x1560</run_address>
         <size>0xef</size>
         <input_file_ref idref="fl-2"/>
      </object_component>
      <object_component id="oc-134">
         <name>.debug_info</name>
         <load_address>0x164f</load_address>
         <run_address>0x164f</run_address>
         <size>0xbb</size>
         <input_file_ref idref="fl-2"/>
      </object_component>
      <object_component id="oc-aa">
         <name>.debug_info</name>
         <load_address>0x170a</load_address>
         <run_address>0x170a</run_address>
         <size>0x2c</size>
         <input_file_ref idref="fl-2"/>
      </object_component>
      <object_component id="oc-563">
         <name>.debug_info</name>
         <load_address>0x1736</load_address>
         <run_address>0x1736</run_address>
         <size>0x53</size>
         <input_file_ref idref="fl-2"/>
      </object_component>
      <object_component id="oc-331">
         <name>.debug_info</name>
         <load_address>0x1789</load_address>
         <run_address>0x1789</run_address>
         <size>0x46f</size>
         <input_file_ref idref="fl-3"/>
      </object_component>
      <object_component id="oc-29f">
         <name>.debug_info</name>
         <load_address>0x1bf8</load_address>
         <run_address>0x1bf8</run_address>
         <size>0x2b8</size>
         <input_file_ref idref="fl-3"/>
      </object_component>
      <object_component id="oc-38c">
         <name>.debug_info</name>
         <load_address>0x1eb0</load_address>
         <run_address>0x1eb0</run_address>
         <size>0x113</size>
         <input_file_ref idref="fl-3"/>
      </object_component>
      <object_component id="oc-2a2">
         <name>.debug_info</name>
         <load_address>0x1fc3</load_address>
         <run_address>0x1fc3</run_address>
         <size>0x10d</size>
         <input_file_ref idref="fl-3"/>
      </object_component>
      <object_component id="oc-26d">
         <name>.debug_info</name>
         <load_address>0x20d0</load_address>
         <run_address>0x20d0</run_address>
         <size>0x11b</size>
         <input_file_ref idref="fl-3"/>
      </object_component>
      <object_component id="oc-32d">
         <name>.debug_info</name>
         <load_address>0x21eb</load_address>
         <run_address>0x21eb</run_address>
         <size>0x107</size>
         <input_file_ref idref="fl-3"/>
      </object_component>
      <object_component id="oc-1d9">
         <name>.debug_info</name>
         <load_address>0x22f2</load_address>
         <run_address>0x22f2</run_address>
         <size>0x15f</size>
         <input_file_ref idref="fl-3"/>
      </object_component>
      <object_component id="oc-15b">
         <name>.debug_info</name>
         <load_address>0x2451</load_address>
         <run_address>0x2451</run_address>
         <size>0x1a5</size>
         <input_file_ref idref="fl-3"/>
      </object_component>
      <object_component id="oc-436">
         <name>.debug_info</name>
         <load_address>0x25f6</load_address>
         <run_address>0x25f6</run_address>
         <size>0x198</size>
         <input_file_ref idref="fl-3"/>
      </object_component>
      <object_component id="oc-31b">
         <name>.debug_info</name>
         <load_address>0x278e</load_address>
         <run_address>0x278e</run_address>
         <size>0x878</size>
         <input_file_ref idref="fl-3"/>
      </object_component>
      <object_component id="oc-3d2">
         <name>.debug_info</name>
         <load_address>0x3006</load_address>
         <run_address>0x3006</run_address>
         <size>0x62</size>
         <input_file_ref idref="fl-3"/>
      </object_component>
      <object_component id="oc-120">
         <name>.debug_info</name>
         <load_address>0x3068</load_address>
         <run_address>0x3068</run_address>
         <size>0x160</size>
         <input_file_ref idref="fl-4"/>
      </object_component>
      <object_component id="oc-36">
         <name>.debug_info</name>
         <load_address>0x31c8</load_address>
         <run_address>0x31c8</run_address>
         <size>0x84</size>
         <input_file_ref idref="fl-4"/>
      </object_component>
      <object_component id="oc-155">
         <name>.debug_info</name>
         <load_address>0x324c</load_address>
         <run_address>0x324c</run_address>
         <size>0x18a</size>
         <input_file_ref idref="fl-e"/>
      </object_component>
      <object_component id="oc-1ee">
         <name>.debug_info</name>
         <load_address>0x33d6</load_address>
         <run_address>0x33d6</run_address>
         <size>0x15e</size>
         <input_file_ref idref="fl-e"/>
      </object_component>
      <object_component id="oc-104">
         <name>.debug_info</name>
         <load_address>0x3534</load_address>
         <run_address>0x3534</run_address>
         <size>0x2c</size>
         <input_file_ref idref="fl-e"/>
      </object_component>
      <object_component id="oc-ec">
         <name>.debug_info</name>
         <load_address>0x3560</load_address>
         <run_address>0x3560</run_address>
         <size>0x35</size>
         <input_file_ref idref="fl-e"/>
      </object_component>
      <object_component id="oc-1ab">
         <name>.debug_info</name>
         <load_address>0x3595</load_address>
         <run_address>0x3595</run_address>
         <size>0x400</size>
         <input_file_ref idref="fl-f"/>
      </object_component>
      <object_component id="oc-143">
         <name>.debug_info</name>
         <load_address>0x3995</load_address>
         <run_address>0x3995</run_address>
         <size>0x137</size>
         <input_file_ref idref="fl-f"/>
      </object_component>
      <object_component id="oc-13e">
         <name>.debug_info</name>
         <load_address>0x3acc</load_address>
         <run_address>0x3acc</run_address>
         <size>0x110</size>
         <input_file_ref idref="fl-f"/>
      </object_component>
      <object_component id="oc-2da">
         <name>.debug_info</name>
         <load_address>0x3bdc</load_address>
         <run_address>0x3bdc</run_address>
         <size>0x5a8</size>
         <input_file_ref idref="fl-10"/>
      </object_component>
      <object_component id="oc-2ce">
         <name>.debug_info</name>
         <load_address>0x4184</load_address>
         <run_address>0x4184</run_address>
         <size>0xdc</size>
         <input_file_ref idref="fl-10"/>
      </object_component>
      <object_component id="oc-2d7">
         <name>.debug_info</name>
         <load_address>0x4260</load_address>
         <run_address>0x4260</run_address>
         <size>0xe2</size>
         <input_file_ref idref="fl-10"/>
      </object_component>
      <object_component id="oc-29c">
         <name>.debug_info</name>
         <load_address>0x4342</load_address>
         <run_address>0x4342</run_address>
         <size>0x11a</size>
         <input_file_ref idref="fl-10"/>
      </object_component>
      <object_component id="oc-2a5">
         <name>.debug_info</name>
         <load_address>0x445c</load_address>
         <run_address>0x445c</run_address>
         <size>0xe8</size>
         <input_file_ref idref="fl-10"/>
      </object_component>
      <object_component id="oc-2d2">
         <name>.debug_info</name>
         <load_address>0x4544</load_address>
         <run_address>0x4544</run_address>
         <size>0x1a4</size>
         <input_file_ref idref="fl-10"/>
      </object_component>
      <object_component id="oc-3ad">
         <name>.debug_info</name>
         <load_address>0x46e8</load_address>
         <run_address>0x46e8</run_address>
         <size>0x187</size>
         <input_file_ref idref="fl-10"/>
      </object_component>
      <object_component id="oc-1f4">
         <name>.debug_info</name>
         <load_address>0x486f</load_address>
         <run_address>0x486f</run_address>
         <size>0x185</size>
         <input_file_ref idref="fl-10"/>
      </object_component>
      <object_component id="oc-2c9">
         <name>.debug_info</name>
         <load_address>0x49f4</load_address>
         <run_address>0x49f4</run_address>
         <size>0x1f1</size>
         <input_file_ref idref="fl-10"/>
      </object_component>
      <object_component id="oc-1e2">
         <name>.debug_info</name>
         <load_address>0x4be5</load_address>
         <run_address>0x4be5</run_address>
         <size>0x372</size>
         <input_file_ref idref="fl-10"/>
      </object_component>
      <object_component id="oc-2a9">
         <name>.debug_info</name>
         <load_address>0x4f57</load_address>
         <run_address>0x4f57</run_address>
         <size>0x1dd</size>
         <input_file_ref idref="fl-10"/>
      </object_component>
      <object_component id="oc-1e8">
         <name>.debug_info</name>
         <load_address>0x5134</load_address>
         <run_address>0x5134</run_address>
         <size>0x1de</size>
         <input_file_ref idref="fl-10"/>
      </object_component>
      <object_component id="oc-2e0">
         <name>.debug_info</name>
         <load_address>0x5312</load_address>
         <run_address>0x5312</run_address>
         <size>0x1bb</size>
         <input_file_ref idref="fl-10"/>
      </object_component>
      <object_component id="oc-1d4">
         <name>.debug_info</name>
         <load_address>0x54cd</load_address>
         <run_address>0x54cd</run_address>
         <size>0x21c</size>
         <input_file_ref idref="fl-10"/>
      </object_component>
      <object_component id="oc-3b9">
         <name>.debug_info</name>
         <load_address>0x56e9</load_address>
         <run_address>0x56e9</run_address>
         <size>0x72</size>
         <input_file_ref idref="fl-10"/>
      </object_component>
      <object_component id="oc-317">
         <name>.debug_info</name>
         <load_address>0x575b</load_address>
         <run_address>0x575b</run_address>
         <size>0x5aa</size>
         <input_file_ref idref="fl-11"/>
      </object_component>
      <object_component id="oc-26a">
         <name>.debug_info</name>
         <load_address>0x5d05</load_address>
         <run_address>0x5d05</run_address>
         <size>0xf3</size>
         <input_file_ref idref="fl-11"/>
      </object_component>
      <object_component id="oc-4af">
         <name>.debug_info</name>
         <load_address>0x5df8</load_address>
         <run_address>0x5df8</run_address>
         <size>0x16d</size>
         <input_file_ref idref="fl-11"/>
      </object_component>
      <object_component id="oc-52f">
         <name>.debug_info</name>
         <load_address>0x5f65</load_address>
         <run_address>0x5f65</run_address>
         <size>0x25b</size>
         <input_file_ref idref="fl-11"/>
      </object_component>
      <object_component id="oc-4b5">
         <name>.debug_info</name>
         <load_address>0x61c0</load_address>
         <run_address>0x61c0</run_address>
         <size>0x197</size>
         <input_file_ref idref="fl-11"/>
      </object_component>
      <object_component id="oc-4bc">
         <name>.debug_info</name>
         <load_address>0x6357</load_address>
         <run_address>0x6357</run_address>
         <size>0x127</size>
         <input_file_ref idref="fl-11"/>
      </object_component>
      <object_component id="oc-4c7">
         <name>.debug_info</name>
         <load_address>0x647e</load_address>
         <run_address>0x647e</run_address>
         <size>0x12d</size>
         <input_file_ref idref="fl-11"/>
      </object_component>
      <object_component id="oc-546">
         <name>.debug_info</name>
         <load_address>0x65ab</load_address>
         <run_address>0x65ab</run_address>
         <size>0x190</size>
         <input_file_ref idref="fl-11"/>
      </object_component>
      <object_component id="oc-4cd">
         <name>.debug_info</name>
         <load_address>0x673b</load_address>
         <run_address>0x673b</run_address>
         <size>0x16d</size>
         <input_file_ref idref="fl-11"/>
      </object_component>
      <object_component id="oc-54d">
         <name>.debug_info</name>
         <load_address>0x68a8</load_address>
         <run_address>0x68a8</run_address>
         <size>0x1fe</size>
         <input_file_ref idref="fl-11"/>
      </object_component>
      <object_component id="oc-4d3">
         <name>.debug_info</name>
         <load_address>0x6aa6</load_address>
         <run_address>0x6aa6</run_address>
         <size>0x177</size>
         <input_file_ref idref="fl-11"/>
      </object_component>
      <object_component id="oc-413">
         <name>.debug_info</name>
         <load_address>0x6c1d</load_address>
         <run_address>0x6c1d</run_address>
         <size>0x2dc</size>
         <input_file_ref idref="fl-11"/>
      </object_component>
      <object_component id="oc-3f0">
         <name>.debug_info</name>
         <load_address>0x6ef9</load_address>
         <run_address>0x6ef9</run_address>
         <size>0x13f</size>
         <input_file_ref idref="fl-11"/>
      </object_component>
      <object_component id="oc-2b7">
         <name>.debug_info</name>
         <load_address>0x7038</load_address>
         <run_address>0x7038</run_address>
         <size>0x1df</size>
         <input_file_ref idref="fl-11"/>
      </object_component>
      <object_component id="oc-290">
         <name>.debug_info</name>
         <load_address>0x7217</load_address>
         <run_address>0x7217</run_address>
         <size>0x246</size>
         <input_file_ref idref="fl-11"/>
      </object_component>
      <object_component id="oc-265">
         <name>.debug_info</name>
         <load_address>0x745d</load_address>
         <run_address>0x745d</run_address>
         <size>0x193</size>
         <input_file_ref idref="fl-11"/>
      </object_component>
      <object_component id="oc-1ce">
         <name>.debug_info</name>
         <load_address>0x75f0</load_address>
         <run_address>0x75f0</run_address>
         <size>0x151</size>
         <input_file_ref idref="fl-11"/>
      </object_component>
      <object_component id="oc-4f3">
         <name>.debug_info</name>
         <load_address>0x7741</load_address>
         <run_address>0x7741</run_address>
         <size>0x130</size>
         <input_file_ref idref="fl-11"/>
      </object_component>
      <object_component id="oc-3fc">
         <name>.debug_info</name>
         <load_address>0x7871</load_address>
         <run_address>0x7871</run_address>
         <size>0x19b</size>
         <input_file_ref idref="fl-11"/>
      </object_component>
      <object_component id="oc-359">
         <name>.debug_info</name>
         <load_address>0x7a0c</load_address>
         <run_address>0x7a0c</run_address>
         <size>0x131</size>
         <input_file_ref idref="fl-11"/>
      </object_component>
      <object_component id="oc-382">
         <name>.debug_info</name>
         <load_address>0x7b3d</load_address>
         <run_address>0x7b3d</run_address>
         <size>0x158</size>
         <input_file_ref idref="fl-11"/>
      </object_component>
      <object_component id="oc-396">
         <name>.debug_info</name>
         <load_address>0x7c95</load_address>
         <run_address>0x7c95</run_address>
         <size>0x19d</size>
         <input_file_ref idref="fl-11"/>
      </object_component>
      <object_component id="oc-3dc">
         <name>.debug_info</name>
         <load_address>0x7e32</load_address>
         <run_address>0x7e32</run_address>
         <size>0x2c</size>
         <input_file_ref idref="fl-11"/>
      </object_component>
      <object_component id="oc-4c1">
         <name>.debug_info</name>
         <load_address>0x7e5e</load_address>
         <run_address>0x7e5e</run_address>
         <size>0x125</size>
         <input_file_ref idref="fl-12"/>
      </object_component>
      <object_component id="oc-538">
         <name>.debug_info</name>
         <load_address>0x7f83</load_address>
         <run_address>0x7f83</run_address>
         <size>0x109</size>
         <input_file_ref idref="fl-12"/>
      </object_component>
      <object_component id="oc-475">
         <name>.debug_info</name>
         <load_address>0x808c</load_address>
         <run_address>0x808c</run_address>
         <size>0x1ee</size>
         <input_file_ref idref="fl-14"/>
      </object_component>
      <object_component id="oc-376">
         <name>.debug_info</name>
         <load_address>0x827a</load_address>
         <run_address>0x827a</run_address>
         <size>0x172</size>
         <input_file_ref idref="fl-14"/>
      </object_component>
      <object_component id="oc-340">
         <name>.debug_info</name>
         <load_address>0x83ec</load_address>
         <run_address>0x83ec</run_address>
         <size>0x4a0</size>
         <input_file_ref idref="fl-16"/>
      </object_component>
      <object_component id="oc-370">
         <name>.debug_info</name>
         <load_address>0x888c</load_address>
         <run_address>0x888c</run_address>
         <size>0x1c7</size>
         <input_file_ref idref="fl-16"/>
      </object_component>
      <object_component id="oc-43c">
         <name>.debug_info</name>
         <load_address>0x8a53</load_address>
         <run_address>0x8a53</run_address>
         <size>0x174</size>
         <input_file_ref idref="fl-16"/>
      </object_component>
      <object_component id="oc-36c">
         <name>.debug_info</name>
         <load_address>0x8bc7</load_address>
         <run_address>0x8bc7</run_address>
         <size>0x1a5</size>
         <input_file_ref idref="fl-16"/>
      </object_component>
      <object_component id="oc-297">
         <name>.debug_info</name>
         <load_address>0x8d6c</load_address>
         <run_address>0x8d6c</run_address>
         <size>0x235</size>
         <input_file_ref idref="fl-16"/>
      </object_component>
      <object_component id="oc-28b">
         <name>.debug_info</name>
         <load_address>0x8fa1</load_address>
         <run_address>0x8fa1</run_address>
         <size>0x30d</size>
         <input_file_ref idref="fl-16"/>
      </object_component>
      <object_component id="oc-286">
         <name>.debug_info</name>
         <load_address>0x92ae</load_address>
         <run_address>0x92ae</run_address>
         <size>0x1c7</size>
         <input_file_ref idref="fl-16"/>
      </object_component>
      <object_component id="oc-337">
         <name>.debug_info</name>
         <load_address>0x9475</load_address>
         <run_address>0x9475</run_address>
         <size>0x1cb</size>
         <input_file_ref idref="fl-16"/>
      </object_component>
      <object_component id="oc-443">
         <name>.debug_info</name>
         <load_address>0x9640</load_address>
         <run_address>0x9640</run_address>
         <size>0x27f</size>
         <input_file_ref idref="fl-16"/>
      </object_component>
      <object_component id="oc-33c">
         <name>.debug_info</name>
         <load_address>0x98bf</load_address>
         <run_address>0x98bf</run_address>
         <size>0x228</size>
         <input_file_ref idref="fl-16"/>
      </object_component>
      <object_component id="oc-272">
         <name>.debug_info</name>
         <load_address>0x9ae7</load_address>
         <run_address>0x9ae7</run_address>
         <size>0x22d</size>
         <input_file_ref idref="fl-16"/>
      </object_component>
      <object_component id="oc-44d">
         <name>.debug_info</name>
         <load_address>0x9d14</load_address>
         <run_address>0x9d14</run_address>
         <size>0x76</size>
         <input_file_ref idref="fl-16"/>
      </object_component>
      <object_component id="oc-448">
         <name>.debug_info</name>
         <load_address>0x9d8a</load_address>
         <run_address>0x9d8a</run_address>
         <size>0xcc</size>
         <input_file_ref idref="fl-16"/>
      </object_component>
      <object_component id="oc-e2">
         <name>.debug_info</name>
         <load_address>0x9e56</load_address>
         <run_address>0x9e56</run_address>
         <size>0x3db</size>
         <input_file_ref idref="fl-17"/>
      </object_component>
      <object_component id="oc-42f">
         <name>.debug_info</name>
         <load_address>0xa231</load_address>
         <run_address>0xa231</run_address>
         <size>0x19d</size>
         <input_file_ref idref="fl-17"/>
      </object_component>
      <object_component id="oc-521">
         <name>.debug_info</name>
         <load_address>0xa3ce</load_address>
         <run_address>0xa3ce</run_address>
         <size>0x160</size>
         <input_file_ref idref="fl-17"/>
      </object_component>
      <object_component id="oc-51d">
         <name>.debug_info</name>
         <load_address>0xa52e</load_address>
         <run_address>0xa52e</run_address>
         <size>0x1c4</size>
         <input_file_ref idref="fl-17"/>
      </object_component>
      <object_component id="oc-4a2">
         <name>.debug_info</name>
         <load_address>0xa6f2</load_address>
         <run_address>0xa6f2</run_address>
         <size>0x1c4</size>
         <input_file_ref idref="fl-17"/>
      </object_component>
      <object_component id="oc-de">
         <name>.debug_info</name>
         <load_address>0xa8b6</load_address>
         <run_address>0xa8b6</run_address>
         <size>0x1d6</size>
         <input_file_ref idref="fl-17"/>
      </object_component>
      <object_component id="oc-7c">
         <name>.debug_info</name>
         <load_address>0xaa8c</load_address>
         <run_address>0xaa8c</run_address>
         <size>0x1f4</size>
         <input_file_ref idref="fl-17"/>
      </object_component>
      <object_component id="oc-46a">
         <name>.debug_info</name>
         <load_address>0xac80</load_address>
[...]
         <value>0x2000d5b9</value>
         <object_component_ref idref="oc-2c7"/>
      </symbol>
      <symbol id="sm-1d3">
         <name>GPIO_setConfig</name>
         <value>0x2000c60d</value>
         <object_component_ref idref="oc-1e0"/>
      </symbol>
      <symbol id="sm-1d4">
         <name>GPIO_init</name>
         <value>0x2000cfa9</value>
         <object_component_ref idref="oc-1d2"/>
      </symbol>
      <symbol id="sm-1d5">
         <name>GPIO_toggle</name>
         <value>0x2000d6e1</value>
         <object_component_ref idref="oc-2de"/>
      </symbol>
      <symbol id="sm-1d6">
         <name>GPIO_disableInt</name>
         <value>0x2000da89</value>
         <object_component_ref idref="oc-3ab"/>
      </symbol>
      <symbol id="sm-1d7">
         <name>GPIO_enableInt</name>
         <value>0x2000dad1</value>
         <object_component_ref idref="oc-1f2"/>
      </symbol>
      <symbol id="sm-1d8">
         <name>GPIO_write</name>
         <value>0x2000d36d</value>
         <object_component_ref idref="oc-1e6"/>
      </symbol>
      <symbol id="sm-1d9">
         <name>GPIO_hwiIntFxn</name>
         <value>0x2000d681</value>
         <object_component_ref idref="oc-2d0"/>
      </symbol>
      <symbol id="sm-311">
         <name>PowerCC32XX_contextSave</name>
         <value>0x2000ec60</value>
      </symbol>
      <symbol id="sm-312">
         <name>PowerCC32XX_configureWakeup</name>
         <value>0x2000cd2d</value>
         <object_component_ref idref="oc-263"/>
      </symbol>
      <symbol id="sm-313">
         <name>Power_registerNotify</name>
         <value>0x2000e029</value>
         <object_component_ref idref="oc-28e"/>
      </symbol>
      <symbol id="sm-314">
         <name>PowerCC32XX_restoreParkedPin</name>
         <value>0x2000dfa5</value>
         <object_component_ref idref="oc-54b"/>
      </symbol>
      <symbol id="sm-315">
         <name>Power_sleep</name>
         <value>0x2000c8a9</value>
         <object_component_ref idref="oc-411"/>
      </symbol>
      <symbol id="sm-316">
         <name>Power_idleFunc</name>
         <value>0x2000e1c5</value>
         <object_component_ref idref="oc-4f1"/>
      </symbol>
      <symbol id="sm-317">
         <name>Power_getConstraintMask</name>
         <value>0x2000e371</value>
         <object_component_ref idref="oc-3ee"/>
      </symbol>
      <symbol id="sm-318">
         <name>Power_disablePolicy</name>
         <value>0x2000e289</value>
         <object_component_ref idref="oc-380"/>
      </symbol>
      <symbol id="sm-319">
         <name>Power_init</name>
         <value>0x2000d265</value>
         <object_component_ref idref="oc-1cc"/>
      </symbol>
      <symbol id="sm-31a">
         <name>PowerCC32XX_setParkState</name>
         <value>0x2000d61d</value>
         <object_component_ref idref="oc-394"/>
      </symbol>
      <symbol id="sm-31b">
         <name>Power_getDependencyCount</name>
         <value>0x2000e29d</value>
         <object_component_ref idref="oc-544"/>
      </symbol>
      <symbol id="sm-31c">
         <name>Power_enablePolicy</name>
         <value>0x2000e325</value>
         <object_component_ref idref="oc-357"/>
      </symbol>
      <symbol id="sm-31d">
         <name>PowerCC32XX_parkPin</name>
         <value>0x2000d9a9</value>
         <object_component_ref idref="oc-52e"/>
      </symbol>
      <symbol id="sm-31e">
         <name>PowerCC32XX_module</name>
         <value>0x2000e6cc</value>
         <object_component_ref idref="oc-269"/>
      </symbol>
      <symbol id="sm-31f">
         <name>Power_getTransitionLatency</name>
         <value>0x2000e1ad</value>
         <object_component_ref idref="oc-3fa"/>
      </symbol>
      <symbol id="sm-320">
         <name>Power_setDependency</name>
         <value>0x2000d3ed</value>
         <object_component_ref idref="oc-2b5"/>
      </symbol>
      <symbol id="sm-331">
         <name>PowerCC32XX_enterLPDS</name>
         <value>0x2000dc31</value>
         <object_component_ref idref="oc-4c0"/>
      </symbol>
      <symbol id="sm-332">
         <name>PowerCC32XX_resumeLPDS</name>
         <value>0x2000d8b5</value>
         <object_component_ref idref="oc-537"/>
      </symbol>
      <symbol id="sm-341">
         <name>List_put</name>
         <value>0x2000e079</value>
         <object_component_ref idref="oc-373"/>
      </symbol>
      <symbol id="sm-3bc">
         <name>SemaphoreP_defaultParams</name>
         <value>0x2000e9c4</value>
         <object_component_ref idref="oc-43b"/>
      </symbol>
      <symbol id="sm-3bd">
         <name>SemaphoreP_construct</name>
         <value>0x2000d959</value>
         <object_component_ref idref="oc-43f"/>
      </symbol>
      <symbol id="sm-3be">
         <name>SemaphoreP_create</name>
         <value>0x2000e221</value>
         <object_component_ref idref="oc-339"/>
      </symbol>
      <symbol id="sm-3bf">
         <name>SemaphoreP_post</name>
         <value>0x2000dc75</value>
         <object_component_ref idref="oc-294"/>
      </symbol>
      <symbol id="sm-3c0">
         <name>SemaphoreP_pend</name>
         <value>0x2000cdd5</value>
         <object_component_ref idref="oc-288"/>
      </symbol>
      <symbol id="sm-3c1">
         <name>SemaphoreP_delete</name>
         <value>0x2000e3b3</value>
         <object_component_ref idref="oc-282"/>
      </symbol>
      <symbol id="sm-3c2">
         <name>SemaphoreP_createBinary</name>
         <value>0x2000e175</value>
         <object_component_ref idref="oc-270"/>
      </symbol>
      <symbol id="sm-3c3">
         <name>SemaphoreP_Params_init</name>
         <value>0x2000e335</value>
         <object_component_ref idref="oc-333"/>
      </symbol>
      <symbol id="sm-3c4">
         <name>clkFxn</name>
         <value>0x2000e09f</value>
         <object_component_ref idref="oc-369"/>
      </symbol>
      <symbol id="sm-487">
         <name>ClockP_ctrl</name>
         <value>0x2000eea8</value>
      </symbol>
      <symbol id="sm-488">
         <name>ClockP_doTick</name>
         <value>0x2000e3ab</value>
         <object_component_ref idref="oc-422"/>
      </symbol>
      <symbol id="sm-489">
         <name>ClockP_startup</name>
         <value>0x2000df0d</value>
         <object_component_ref idref="oc-49f"/>
      </symbol>
      <symbol id="sm-48a">
         <name>ClockP_stop</name>
         <value>0x2000dba9</value>
         <object_component_ref idref="oc-467"/>
      </symbol>
      <symbol id="sm-48b">
         <name>ClockP_getTicksUntilInterrupt</name>
         <value>0x2000ded9</value>
         <object_component_ref idref="oc-3f4"/>
      </symbol>
      <symbol id="sm-48c">
         <name>ClockP_setTicks</name>
         <value>0x2000e305</value>
         <object_component_ref idref="oc-41c"/>
      </symbol>
      <symbol id="sm-48d">
         <name>ClockP_tickPeriod</name>
         <value>0x2000e9d4</value>
         <object_component_ref idref="oc-42e"/>
      </symbol>
      <symbol id="sm-48e">
         <name>ClockP_getSystemTicks</name>
         <value>0x2000e2f5</value>
         <object_component_ref idref="oc-400"/>
      </symbol>
      <symbol id="sm-48f">
         <name>ClockP_destruct</name>
         <value>0x2000dd81</value>
         <object_component_ref idref="oc-363"/>
      </symbol>
      <symbol id="sm-490">
         <name>ClockP_start</name>
         <value>0x2000df75</value>
         <object_component_ref idref="oc-351"/>
      </symbol>
      <symbol id="sm-491">
         <name>ClockP_sysTickHandler</name>
         <value>0x2000d909</value>
         <object_component_ref idref="oc-79"/>
      </symbol>
      <symbol id="sm-492">
         <name>ClockP_isActive</name>
         <value>0x2000e37d</value>
         <object_component_ref idref="oc-35d"/>
      </symbol>
      <symbol id="sm-493">
         <name>ClockP_getCpuFreq</name>
         <value>0x2000e2e5</value>
         <object_component_ref idref="oc-3e2"/>
      </symbol>
      <symbol id="sm-494">
         <name>ClockP_add</name>
         <value>0x2000e2d5</value>
         <object_component_ref idref="oc-34b"/>
      </symbol>
      <symbol id="sm-505">
         <name>HwiP_construct</name>
         <value>0x2000d0c9</value>
         <object_component_ref idref="oc-3a4"/>
      </symbol>
      <symbol id="sm-506">
         <name>HwiP_inISR</name>
         <value>0x2000e261</value>
         <object_component_ref idref="oc-37a"/>
      </symbol>
      <symbol id="sm-507">
         <name>HwiP_dispatch</name>
         <value>0x2000e0a1</value>
         <object_component_ref idref="oc-485"/>
      </symbol>
      <symbol id="sm-508">
         <name>HwiP_swiPIntNum</name>
         <value>0x2000e9d0</value>
         <object_component_ref idref="oc-48b"/>
      </symbol>
      <symbol id="sm-509">
         <name>HwiP_Params_init</name>
         <value>0x2000e2b1</value>
         <object_component_ref idref="oc-2bb"/>
      </symbol>
      <symbol id="sm-50a">
         <name>HwiP_disable</name>
         <value>0x2000e345</value>
         <object_component_ref idref="oc-276"/>
      </symbol>
      <symbol id="sm-50b">
         <name>HwiP_key</name>
         <value>0x2000e9cc</value>
         <object_component_ref idref="oc-48b"/>
      </symbol>
      <symbol id="sm-50c">
         <name>HwiP_create</name>
         <value>0x2000dfd5</value>
         <object_component_ref idref="oc-2c1"/>
      </symbol>
      <symbol id="sm-50d">
         <name>HwiP_post</name>
         <value>0x2000e3af</value>
         <object_component_ref idref="oc-4e7"/>
      </symbol>
      <symbol id="sm-50e">
         <name>HwiP_enable</name>
         <value>0x2000e353</value>
         <object_component_ref idref="oc-160"/>
      </symbol>
      <symbol id="sm-50f">
         <name>HwiP_restore</name>
         <value>0x2000e315</value>
         <object_component_ref idref="oc-27c"/>
      </symbol>
      <symbol id="sm-53f">
         <name>PowerCC32XX_initPolicy</name>
         <value>0x2000d907</value>
         <object_component_ref idref="oc-320"/>
      </symbol>
      <symbol id="sm-540">
         <name>PowerCC32XX_sleepPolicy</name>
         <value>0x2000c46d</value>
         <object_component_ref idref="oc-326"/>
      </symbol>
      <symbol id="sm-590">
         <name>resetISR</name>
         <value>0x2000e191</value>
         <object_component_ref idref="oc-21"/>
      </symbol>
      <symbol id="sm-591">
         <name>resetVectorAddr</name>
         <value>0x2000e1a4</value>
         <object_component_ref idref="oc-21"/>
      </symbol>
      <symbol id="sm-592">
         <name>initVectors</name>
         <value>0x2000de69</value>
         <object_component_ref idref="oc-59"/>
      </symbol>
      <symbol id="sm-593">
         <name>resetVectors</name>
         <value>0x20004000</value>
         <object_component_ref idref="oc-27"/>
      </symbol>
      <symbol id="sm-5c3">
         <name>SwiP_disable</name>
         <value>0x2000e121</value>
         <object_component_ref idref="oc-3e8"/>
      </symbol>
      <symbol id="sm-5c4">
         <name>SwiP_restore</name>
         <value>0x2000dcb9</value>
         <object_component_ref idref="oc-428"/>
      </symbol>
      <symbol id="sm-5cf">
         <name>CPUcpsid</name>
         <value>0x2000e24b</value>
         <object_component_ref idref="oc-a3"/>
      </symbol>
      <symbol id="sm-614">
         <name>IntVTableBaseSet</name>
         <value>0x2000e275</value>
         <object_component_ref idref="oc-af"/>
      </symbol>
      <symbol id="sm-615">
         <name>IntEnable</name>
         <value>0x2000cc85</value>
         <object_component_ref idref="oc-b5"/>
      </symbol>
      <symbol id="sm-616">
         <name>IntMasterDisable</name>
         <value>0x2000e387</value>
         <object_component_ref idref="oc-53"/>
      </symbol>
      <symbol id="sm-617">
         <name>IntPendSet</name>
         <value>0x2000d155</value>
         <object_component_ref idref="oc-55a"/>
      </symbol>
      <symbol id="sm-651">
         <name>PinModeGet</name>
         <value>0x2000df41</value>
         <object_component_ref idref="oc-256"/>
      </symbol>
      <symbol id="sm-652">
         <name>PinConfigSet</name>
         <value>0x2000d1dd</value>
         <object_component_ref idref="oc-2af"/>
      </symbol>
      <symbol id="sm-653">
         <name>PinModeSet</name>
         <value>0x2000dd41</value>
         <object_component_ref idref="oc-25c"/>
      </symbol>
      <symbol id="sm-654">
         <name>PinToPadGet</name>
         <value>0x2000e105</value>
         <object_component_ref idref="oc-528"/>
      </symbol>
      <symbol id="sm-71d">
         <name>PRCMLPDSRestoreInfoSet</name>
         <value>0x2000dbed</value>
         <object_component_ref idref="oc-53c"/>
      </symbol>
      <symbol id="sm-71e">
         <name>PRCMPeripheralReset</name>
         <value>0x2000d85d</value>
         <object_component_ref idref="oc-24a"/>
      </symbol>
      <symbol id="sm-71f">
         <name>PRCMLPDSEnter</name>
         <value>0x2000db19</value>
         <object_component_ref idref="oc-4d7"/>
      </symbol>
      <symbol id="sm-720">
         <name>PRCMPeripheralClkEnable</name>
         <value>0x2000db61</value>
         <object_component_ref idref="oc-244"/>
      </symbol>
      <symbol id="sm-721">
         <name>PRCMLPDSEnterKeepDebugIf</name>
         <value>0x2000ddf9</value>
         <object_component_ref idref="oc-4dd"/>
      </symbol>
      <symbol id="sm-722">
         <name>PRCMCC3200MCUInit</name>
         <value>0x2000c041</value>
         <object_component_ref idref="oc-1c6"/>
      </symbol>
      <symbol id="sm-723">
         <name>PRCMHIBRegWrite</name>
         <value>0x2000e20b</value>
         <object_component_ref idref="oc-238"/>
      </symbol>
      <symbol id="sm-724">
         <name>PRCMSysResetCauseGet</name>
         <value>0x2000d741</value>
         <object_component_ref idref="oc-231"/>
      </symbol>
      <symbol id="sm-725">
         <name>PRCMPeripheralClkDisable</name>
         <value>0x2000e001</value>
         <object_component_ref idref="oc-250"/>
      </symbol>
      <symbol id="sm-726">
         <name>PRCMHIBRegRead</name>
         <value>0x2000e1f5</value>
         <object_component_ref idref="oc-23e"/>
      </symbol>
      <symbol id="sm-72b">
         <name>UtilsDelay</name>
         <value>0x2000e399</value>
         <object_component_ref idref="oc-237"/>
      </symbol>
      <symbol id="sm-73b">
         <name>FlashDisable</name>
         <value>0x2000da41</value>
         <object_component_ref idref="oc-552"/>
      </symbol>
      <symbol id="sm-744">
         <name>__aeabi_lmul</name>
         <value>0x2000e1dd</value>
         <object_component_ref idref="oc-417"/>
      </symbol>
      <symbol id="sm-75f">
         <name>memcpy</name>
         <value>0x2000ce75</value>
         <object_component_ref idref="oc-3b"/>
      </symbol>
      <symbol id="sm-760">
         <name>__aeabi_memcpy</name>
         <value>0x2000ce75</value>
         <object_component_ref idref="oc-3b"/>
      </symbol>
      <symbol id="sm-761">
         <name>__aeabi_memcpy8</name>
         <value>0x2000ce75</value>
         <object_component_ref idref="oc-3b"/>
      </symbol>
      <symbol id="sm-762">
         <name>__aeabi_memcpy4</name>
         <value>0x2000ce75</value>
         <object_component_ref idref="oc-3b"/>
      </symbol>
      <symbol id="sm-76f">
         <name>__aeabi_uldivmod</name>
         <value>0x2000cf11</value>
         <object_component_ref idref="oc-40c"/>
      </symbol>
      <symbol id="sm-783">
         <name>__TI_zero_init_nomemset</name>
         <value>0x2000e13d</value>
         <object_component_ref idref="oc-47"/>
      </symbol>
      <symbol id="sm-79a">
         <name>__TI_decompress_none</name>
         <value>0x2000e361</value>
         <object_component_ref idref="oc-1a"/>
      </symbol>
      <symbol id="sm-7bd">
         <name>__TI_decompress_lzss</name>
         <value>0x2000d551</value>
         <object_component_ref idref="oc-14"/>
      </symbol>
      <symbol id="sm-846">
         <name>_sys_memory</name>
         <value>0x20004040</value>
         <object_component_ref idref="oc-2a"/>
      </symbol>
      <symbol id="sm-847">
         <name>free</name>
         <value>0x2000cae1</value>
         <object_component_ref idref="oc-344"/>
      </symbol>
      <symbol id="sm-848">
         <name>memalign</name>
         <value>0x2000c9e1</value>
         <object_component_ref idref="oc-47b"/>
      </symbol>
      <symbol id="sm-849">
         <name>malloc</name>
         <value>0x2000e391</value>
         <object_component_ref idref="oc-39e"/>
      </symbol>
      <symbol id="sm-84a">
         <name>aligned_alloc</name>
         <value>0x2000c9e1</value>
         <object_component_ref idref="oc-47b"/>
      </symbol>
      <symbol id="sm-85c">
         <name>__stack</name>
         <value>0x20003000</value>
         <object_component_ref idref="oc-2d"/>
      </symbol>
      <symbol id="sm-85d">
         <name>_c_int00_noargs</name>
         <value>0x2000e0c5</value>
         <object_component_ref idref="oc-c5"/>
      </symbol>
      <symbol id="sm-867">
         <name>__aeabi_idiv0</name>
         <value>0x2000e36f</value>
         <object_component_ref idref="oc-4a8"/>
      </symbol>
      <symbol id="sm-868">
         <name>__aeabi_ldiv0</name>
         <value>0x2000e36f</value>
         <object_component_ref idref="oc-4a8"/>
      </symbol>
      <symbol id="sm-891">
         <name>__TI_auto_init_nobinit_nopinit</name>
         <value>0x2000dcfd</value>
         <object_component_ref idref="oc-179"/>
      </symbol>
      <symbol id="sm-89b">
         <name>_system_pre_init</name>
         <value>0x2000e3b7</value>
         <object_component_ref idref="oc-119"/>
      </symbol>
      <symbol id="sm-8a7">
         <name>C$$EXIT</name>
         <value>0x2000e3bb</value>
         <object_component_ref idref="oc-16d"/>
      </symbol>
      <symbol id="sm-8a8">
         <name>abort</name>
         <value>0x2000e3bb</value>
         <object_component_ref idref="oc-16d"/>
      </symbol>
      <symbol id="sm-8bd">
         <name>_nop</name>
         <value>0x2000ddf7</value>
         <object_component_ref idref="oc-2e8"/>
      </symbol>
      <symbol id="sm-8be">
         <name>_lock</name>
         <value>0x2000e9b4</value>
         <object_component_ref idref="oc-209"/>
      </symbol>
      <symbol id="sm-8bf">
         <name>_unlock</name>
         <value>0x2000e9b8</value>
         <object_component_ref idref="oc-209"/>
      </symbol>
      <symbol id="sm-8c1">
         <name>__TI_static_base__</name>
         <value>0x2000eed0</value>
      </symbol>
      <symbol id="sm-8c4">
         <name>ITM_flush</name>
         <value>0x0</value>
      </symbol>
      <symbol id="sm-8c5">
         <name>ITM_restore</name>
         <value>0x0</value>
      </symbol>
      <symbol id="sm-8c6">
         <name>__mpu_init</name>
         <value>0x0</value>
      </symbol>
      <symbol id="sm-8c7">
         <name>_system_post_cinit</name>
         <value>0x0</value>
      </symbol>
      <symbol id="sm-8c8">
         <name>NoRTOS_start</name>
         <value>0x2000e353</value>
      </symbol>
   </symbol_table>
   <title>Link successful</title>
</link_info>
